<html>
<body>
<pre>
<h1>礦ision Build Log</h1>
<h2>Tool Versions:</h2>
IDE-Version: μVision V5.14.0.0
Copyright (C) 2015 ARM Ltd and ARM Germany GmbH. All rights reserved.
License Information: Z C, 111111, LIC=QF82M-XSXUS-9U34U-SAIQN-W0ZQ9-VTNG8
 
Tool Versions:
Toolchain:       MDK-ARM Standard  Version: 5.14.0.0
Toolchain Path:  D:\tools\code tools\keil\ARM\ARMCC\Bin
C Compiler:      Armcc.exe V5.05 update 1 (build 106)
Assembler:       Armasm.exe V5.05 update 1 (build 106)
Linker/Locator:  ArmLink.exe V5.05 update 1 (build 106)
Library Manager: ArmAr.exe V5.05 update 1 (build 106)
Hex Converter:   FromElf.exe V5.05 update 1 (build 106)
CPU DLL:         SARMCM3.DLL V5.14.0.0
Dialog DLL:      DARMSTM.DLL V1.65.0.0
Target DLL:      STLink\ST-LINKIII-KEIL_SWO.dll V2.0.14.0_KEIL
Dialog DLL:      TARMSTM.DLL V1.64.0.0
 
<h2>Project:</h2>
D:\CODE\embedded\stm32f103zet6\freertos+emwin\ICONV6_12\FreeRTSO实验19-1 FreeRTOS+EMWIN移植实验\USER\FreeRTOS.uvprojx
Project File Date:  06/16/2020

<h2>Output:</h2>
Rebuild target 'FreeRTOS'
compiling main.c...
compiling stm32f10x_it.c...
compiling system_stm32f10x.c...
compiling led.c...
compiling key.c...
compiling ILI93xx.c...
compiling sram.c...
compiling myiic.c...
compiling 24cxx.c...
compiling w25qxx.c...
compiling spi.c...
compiling ctiic.c...
compiling ft5206.c...
compiling gt9147.c...
compiling ott2001a.c...
compiling touch.c...
compiling timer.c...
compiling delay.c...
compiling sys.c...
compiling usart.c...
compiling core_cm3.c...
assembling startup_stm32f10x_hd.s...
compiling misc.c...
compiling stm32f10x_gpio.c...
compiling stm32f10x_dbgmcu.c...
compiling stm32f10x_rcc.c...
compiling stm32f10x_usart.c...
compiling stm32f10x_tim.c...
compiling stm32f10x_fsmc.c...
compiling stm32f10x_exti.c...
compiling stm32f10x_spi.c...
compiling malloc.c...
compiling croutine.c...
compiling event_groups.c...
compiling list.c...
compiling queue.c...
compiling tasks.c...
compiling timers.c...
compiling heap_4.c...
compiling port.c...
compiling GUIConf.c...
compiling GUI_X_FreeRTOS.c...
compiling GUIDRV_Template.c...
compiling GUI_X_Touch_Analog.c...
compiling LCDConf_FlexColor_Template.c...
compiling GUIDEMO.c...
compiling setdialog.c...
compiling iconvdesk.c...
..\EMWIN\Demo\iconvdesk.c(569): warning:  #177-D: function "_cbMotion" was declared but never referenced
  static void _cbMotion(WM_MESSAGE * pMsg)
..\EMWIN\Demo\iconvdesk.c: 1 warning, 0 errors
compiling adcgui.c...
linking...
Program Size: Code=63906 RO-data=9762 RW-data=712 ZI-data=1090096  
FromELF: creating hex file...
"..\OBJ\LED.axf" - 0 Error(s), 1 Warning(s).

<h2>Collection of Component include folders:</h2>
  D:\CODE\embedded\stm32f103zet6\freertos+emwin\ICONV6_12\FreeRTSO实验19-1 FreeRTOS+EMWIN移植实验\USER\RTE
  D:\tools\code tools\keil\ARM\PACK\Keil\STM32F1xx_DFP\1.0.5\Device\Include

<h2>Collection of Component Files used:</h2>
</pre>
</body>
</html>
