<html>
<body>
<pre>
<h1>µVision Build Log</h1>
<h2>Tool Versions:</h2>
IDE-Version: ¦ÌVision V5.14.0.0
Copyright (C) 2015 ARM Ltd and ARM Germany GmbH. All rights reserved.
License Information: Z C, 111111, LIC=2TTQ1-CEHAT-E0HN4-FV6A1-BZKPU-N4W4J
 
Tool Versions:
Toolchain:       MDK-ARM Professional  Version: 5.14.0.0
Toolchain Path:  D:\tools\code tools\keil\ARM\ARMCC\Bin
C Compiler:      Armcc.exe V5.05 update 1 (build 106)
Assembler:       Armasm.exe V5.05 update 1 (build 106)
Linker/Locator:  ArmLink.exe V5.05 update 1 (build 106)
Library Manager: ArmAr.exe V5.05 update 1 (build 106)
Hex Converter:   FromElf.exe V5.05 update 1 (build 106)
CPU DLL:         SARMCM3.DLL V5.14.0.0
Dialog DLL:      DARMSTM.DLL V1.65.0.0
Target DLL:      STLink\ST-LINKIII-KEIL_SWO.dll V2.0.14.0_KEIL
Dialog DLL:      TARMSTM.DLL V1.64.0.0
 
<h2>Project:</h2>
D:\CODE\embedded\stm32f103zet6\freertos+emwin\PID-STM32F103_emwin+freerots\FreeRTOS+EMWIN\USER\FreeRTOS.uvprojx
Project File Date:  08/17/2020

<h2>Output:</h2>
Rebuild target 'FreeRTOS'
compiling main.c...
compiling stm32f10x_it.c...
compiling system_stm32f10x.c...
compiling QueueCreate.c...
compiling tem.c...
compiling pid.c...
compiling led.c...
compiling key.c...
compiling ILI93xx.c...
compiling sram.c...
compiling myiic.c...
compiling 24cxx.c...
compiling w25qxx.c...
compiling spi.c...
compiling ctiic.c...
compiling ft5206.c...
compiling gt9147.c...
compiling ott2001a.c...
compiling touch.c...
compiling timer.c...
compiling adc.c...
compiling stmflash.c...
compiling wifi.c...
compiling pwm.c...
compiling delay.c...
compiling sys.c...
compiling usart.c...
compiling core_cm3.c...
assembling startup_stm32f10x_hd.s...
compiling misc.c...
compiling stm32f10x_gpio.c...
compiling stm32f10x_dbgmcu.c...
compiling stm32f10x_rcc.c...
compiling stm32f10x_usart.c...
compiling stm32f10x_tim.c...
compiling stm32f10x_fsmc.c...
compiling stm32f10x_exti.c...
compiling stm32f10x_spi.c...
compiling stm32f10x_adc.c...
compiling stm32f10x_flash.c...
compiling stm32f10x_dma.c...
compiling malloc.c...
compiling croutine.c...
compiling event_groups.c...
compiling list.c...
compiling queue.c...
compiling tasks.c...
compiling timers.c...
compiling heap_4.c...
compiling port.c...
compiling GUIConf.c...
compiling GUI_X_FreeRTOS.c...
compiling GUIDRV_Template.c...
compiling GUI_X_Touch_Analog.c...
compiling LCDConf_FlexColor_Template.c...
compiling setdialog.c...
compiling iconvdesk.c...
compiling ButtonController.c...
compiling adcgui.c...
compiling bkjpeg.c...
compiling setbmp.c...
compiling returnbmp.c...
compiling Numpad.c...
compiling task_led.c...
compiling task_pwm.c...
..\Freertos_task\task_pwm.c(48): warning:  #550-D: variable "settemdisplay" was set but never used
        float settemdisplay;
..\Freertos_task\task_pwm.c: 1 warning, 0 errors
compiling task_adc.c...
compiling task_MQTT_send.c...
..\Freertos_task\task_MQTT_send.c(96): warning:  #177-D: variable "adcmsg" was declared but never referenced
  float adcmsg;
..\Freertos_task\task_MQTT_send.c(97): warning:  #177-D: variable "adcmsgstring" was declared but never referenced
  char adcmsgstring[10] ;
..\Freertos_task\task_MQTT_send.c: 2 warnings, 0 errors
compiling task_MQTT_rec.c...
compiling task_emwin.c...
compiling task_userif.c...
linking...
Program Size: Code=156392 RO-data=358732 RW-data=2084 ZI-data=1093108  
FromELF: creating hex file...
"..\OBJ\Main.axf" - 0 Error(s), 3 Warning(s).

<h2>Collection of Component include folders:</h2>
  D:\CODE\embedded\stm32f103zet6\freertos+emwin\PID-STM32F103_emwin+freerots\FreeRTOS+EMWIN\USER\RTE
  D:\tools\code tools\keil\ARM\PACK\Keil\STM32F1xx_DFP\1.0.5\Device\Include

<h2>Collection of Component Files used:</h2>
</pre>
</body>
</html>
